------------------------------------------------------------
TimeQuest Timing Analyzer Summary
------------------------------------------------------------

Type  : Slow 1200mV 85C Model Setup 'inst3|altpll_component|auto_generated|pll1|clk[0]'
Slack : -5.060
TNS   : -104.402

Type  : Slow 1200mV 85C Model Setup 'MOUSE:inst|MOUSE_CLK_FILTER'
Slack : -1.664
TNS   : -45.351

Type  : Slow 1200mV 85C Model Setup 'VGA_SYNC:inst2|vert_sync_out'
Slack : -1.322
TNS   : -18.154

Type  : Slow 1200mV 85C Model Setup 'debouncer:inst8|output'
Slack : -0.111
TNS   : -0.197

Type  : Slow 1200mV 85C Model Hold 'inst3|altpll_component|auto_generated|pll1|clk[0]'
Slack : -0.202
TNS   : -0.384

Type  : Slow 1200mV 85C Model Hold 'MOUSE:inst|MOUSE_CLK_FILTER'
Slack : -0.036
TNS   : -0.036

Type  : Slow 1200mV 85C Model Hold 'debouncer:inst8|output'
Slack : 0.358
TNS   : 0.000

Type  : Slow 1200mV 85C Model Hold 'VGA_SYNC:inst2|vert_sync_out'
Slack : 0.359
TNS   : 0.000

Type  : Slow 1200mV 85C Model Recovery 'MOUSE:inst|MOUSE_CLK_FILTER'
Slack : 0.031
TNS   : 0.000

Type  : Slow 1200mV 85C Model Removal 'MOUSE:inst|MOUSE_CLK_FILTER'
Slack : -0.042
TNS   : -0.210

Type  : Slow 1200mV 85C Model Minimum Pulse Width 'MOUSE:inst|MOUSE_CLK_FILTER'
Slack : -1.000
TNS   : -37.000

Type  : Slow 1200mV 85C Model Minimum Pulse Width 'VGA_SYNC:inst2|vert_sync_out'
Slack : -1.000
TNS   : -22.000

Type  : Slow 1200mV 85C Model Minimum Pulse Width 'debouncer:inst8|output'
Slack : -1.000
TNS   : -4.000

Type  : Slow 1200mV 85C Model Minimum Pulse Width 'clk'
Slack : 9.825
TNS   : 0.000

Type  : Slow 1200mV 85C Model Minimum Pulse Width 'inst3|altpll_component|auto_generated|pll1|clk[0]'
Slack : 19.737
TNS   : 0.000

Type  : Slow 1200mV 0C Model Setup 'inst3|altpll_component|auto_generated|pll1|clk[0]'
Slack : -4.311
TNS   : -85.854

Type  : Slow 1200mV 0C Model Setup 'MOUSE:inst|MOUSE_CLK_FILTER'
Slack : -1.409
TNS   : -37.450

Type  : Slow 1200mV 0C Model Setup 'VGA_SYNC:inst2|vert_sync_out'
Slack : -1.069
TNS   : -13.654

Type  : Slow 1200mV 0C Model Setup 'debouncer:inst8|output'
Slack : 0.003
TNS   : 0.000

Type  : Slow 1200mV 0C Model Hold 'inst3|altpll_component|auto_generated|pll1|clk[0]'
Slack : -0.305
TNS   : -0.592

Type  : Slow 1200mV 0C Model Hold 'MOUSE:inst|MOUSE_CLK_FILTER'
Slack : 0.146
TNS   : 0.000

Type  : Slow 1200mV 0C Model Hold 'VGA_SYNC:inst2|vert_sync_out'
Slack : 0.312
TNS   : 0.000

Type  : Slow 1200mV 0C Model Hold 'debouncer:inst8|output'
Slack : 0.312
TNS   : 0.000

Type  : Slow 1200mV 0C Model Recovery 'MOUSE:inst|MOUSE_CLK_FILTER'
Slack : -0.057
TNS   : -0.642

Type  : Slow 1200mV 0C Model Removal 'MOUSE:inst|MOUSE_CLK_FILTER'
Slack : 0.173
TNS   : 0.000

Type  : Slow 1200mV 0C Model Minimum Pulse Width 'MOUSE:inst|MOUSE_CLK_FILTER'
Slack : -1.000
TNS   : -37.000

Type  : Slow 1200mV 0C Model Minimum Pulse Width 'VGA_SYNC:inst2|vert_sync_out'
Slack : -1.000
TNS   : -22.000

Type  : Slow 1200mV 0C Model Minimum Pulse Width 'debouncer:inst8|output'
Slack : -1.000
TNS   : -4.000

Type  : Slow 1200mV 0C Model Minimum Pulse Width 'clk'
Slack : 9.785
TNS   : 0.000

Type  : Slow 1200mV 0C Model Minimum Pulse Width 'inst3|altpll_component|auto_generated|pll1|clk[0]'
Slack : 19.742
TNS   : 0.000

Type  : Fast 1200mV 0C Model Setup 'inst3|altpll_component|auto_generated|pll1|clk[0]'
Slack : -2.474
TNS   : -45.619

Type  : Fast 1200mV 0C Model Setup 'MOUSE:inst|MOUSE_CLK_FILTER'
Slack : -0.472
TNS   : -8.739

Type  : Fast 1200mV 0C Model Setup 'VGA_SYNC:inst2|vert_sync_out'
Slack : -0.297
TNS   : -1.950

Type  : Fast 1200mV 0C Model Setup 'debouncer:inst8|output'
Slack : 0.368
TNS   : 0.000

Type  : Fast 1200mV 0C Model Hold 'inst3|altpll_component|auto_generated|pll1|clk[0]'
Slack : -0.144
TNS   : -0.278

Type  : Fast 1200mV 0C Model Hold 'MOUSE:inst|MOUSE_CLK_FILTER'
Slack : -0.129
TNS   : -1.523

Type  : Fast 1200mV 0C Model Hold 'debouncer:inst8|output'
Slack : 0.187
TNS   : 0.000

Type  : Fast 1200mV 0C Model Hold 'VGA_SYNC:inst2|vert_sync_out'
Slack : 0.188
TNS   : 0.000

Type  : Fast 1200mV 0C Model Recovery 'MOUSE:inst|MOUSE_CLK_FILTER'
Slack : 0.236
TNS   : 0.000

Type  : Fast 1200mV 0C Model Removal 'MOUSE:inst|MOUSE_CLK_FILTER'
Slack : 0.048
TNS   : 0.000

Type  : Fast 1200mV 0C Model Minimum Pulse Width 'MOUSE:inst|MOUSE_CLK_FILTER'
Slack : -1.000
TNS   : -37.000

Type  : Fast 1200mV 0C Model Minimum Pulse Width 'VGA_SYNC:inst2|vert_sync_out'
Slack : -1.000
TNS   : -22.000

Type  : Fast 1200mV 0C Model Minimum Pulse Width 'debouncer:inst8|output'
Slack : -1.000
TNS   : -4.000

Type  : Fast 1200mV 0C Model Minimum Pulse Width 'clk'
Slack : 9.585
TNS   : 0.000

Type  : Fast 1200mV 0C Model Minimum Pulse Width 'inst3|altpll_component|auto_generated|pll1|clk[0]'
Slack : 19.748
TNS   : 0.000

------------------------------------------------------------
